[debug] [2026-05-27T13:33:05.703Z] ----------------------------------------------------------------------
[debug] [2026-05-27T13:33:05.714Z] Command:       C:\Program Files\nodejs\node.exe C:\Users\LENOVO\AppData\Roaming\npm\node_modules\firebase-tools\lib\bin\firebase.js init
[debug] [2026-05-27T13:33:05.715Z] CLI Version:   15.9.0
[debug] [2026-05-27T13:33:05.715Z] Platform:      win32
[debug] [2026-05-27T13:33:05.715Z] Node Version:  v24.11.1
[debug] [2026-05-27T13:33:05.715Z] Time:          Wed May 27 2026 20:33:05 GMT+0700 (Indochina Time)
[debug] [2026-05-27T13:33:05.715Z] ----------------------------------------------------------------------
[debug] 
[info] 
     ######## #### ########  ######## ########     ###     ######  ########
     ##        ##  ##     ## ##       ##     ##  ##   ##  ##       ##
     ######    ##  ########  ######   ########  #########  ######  ######
     ##        ##  ##    ##  ##       ##     ## ##     ##       ## ##
     ##       #### ##     ## ######## ########  ##     ##  ######  ########

You're about to initialize a Firebase project in this directory:

  D:\IT4409\13_05_2026

[debug] [2026-05-27T13:33:09.475Z] ExitPromptError: User force closed the prompt with SIGINT
    at Interface.sigint (C:\Users\LENOVO\AppData\Roaming\npm\node_modules\firebase-tools\node_modules\@inquirer\core\dist\commonjs\lib\create-prompt.js:101:37)
    at Interface.emit (node:events:508:28)
    at [_ttyWrite] [as _ttyWrite] (node:internal/readline/interface:1317:18)
    at ReadStream.onkeypress (node:internal/readline/interface:284:20)
    at ReadStream.emit (node:events:520:35)
    at emitKeys (node:internal/readline/utils:371:14)
    at emitKeys.next (<anonymous>)
    at ReadStream.onData (node:internal/readline/emitKeypressEvents:64:36)
    at ReadStream.emit (node:events:508:28)
    at addChunk (node:internal/streams/readable:559:12)
[error] 
[error] Error: An unexpected error has occurred.
